<?xml version="1.0" encoding="utf-8"?><testsuites name="pytest tests"><testsuite name="pytest" errors="0" failures="0" skipped="0" tests="15" time="23.781" timestamp="2025-09-16T12:18:01.281354+02:00" hostname="tobber-ThinkStation-P520"><testcase classname="tests.comprehensive_test_suite.TestPerformanceKI" name="test_performance_ki_initialization" time="14.292" /><testcase classname="tests.comprehensive_test_suite.TestPerformanceKI" name="test_theme_recognition" time="0.003" /><testcase classname="tests.comprehensive_test_suite.TestPerformanceKI" name="test_caching_functionality" time="0.269" /><testcase classname="tests.comprehensive_test_suite.TestPerformanceKI" name="test_performance_stats" time="0.003" /><testcase classname="tests.comprehensive_test_suite.TestAdvancedMonitor" name="test_monitor_initialization" time="0.006" /><testcase classname="tests.comprehensive_test_suite.TestAdvancedMonitor" name="test_metric_collection" time="0.003" /><testcase classname="tests.comprehensive_test_suite.TestAdvancedMonitor" name="test_alert_rules" time="0.003" /><testcase classname="tests.comprehensive_test_suite.TestAdvancedMonitor" name="test_health_check" time="0.004" /><testcase classname="tests.comprehensive_test_suite.TestAdvancedMonitor" name="test_metrics_export" time="0.004" /><testcase classname="tests.comprehensive_test_suite.TestRAGSystem" name="test_rag_initialization" time="3.145" /><testcase classname="tests.comprehensive_test_suite.TestRAGSystem" name="test_document_retrieval" time="2.644" /><testcase classname="tests.comprehensive_test_suite.TestCodeQuality" name="test_quality_manager_initialization" time="0.002" /><testcase classname="tests.comprehensive_test_suite.TestCodeQuality" name="test_code_formatting" time="0.001" /><testcase classname="tests.comprehensive_test_suite.TestSystemIntegration" name="test_full_system_integration" time="0.008" /><testcase classname="tests.comprehensive_test_suite.TestConfig" name="test_import_all_modules" time="0.001" /></testsuite></testsuites>